#
# There is insufficient memory for the Java Runtime Environment to continue.
# Native memory allocation (mmap) failed to map 38797312 bytes for G1 virtual space
# Possible reasons:
#   The system is out of physical RAM or swap space
#   The process is running with CompressedOops enabled, and the Java Heap may be blocking the growth of the native heap
# Possible solutions:
#   Reduce memory load on the system
#   Increase physical memory or swap space
#   Check if swap backing store is full
#   Decrease Java heap size (-Xmx/-Xms)
#   Decrease number of Java threads
#   Decrease Java thread stack sizes (-Xss)
#   Set larger code cache with -XX:ReservedCodeCacheSize=
#   JVM is running with Unscaled Compressed Oops mode in which the Java heap is
#     placed in the first 4GB address space. The Java Heap base address is the
#     maximum limit for the native heap growth. Please use -XX:HeapBaseMinAddress
#     to set the Java Heap base and to place the Java Heap above 4GB virtual address.
# This output file may be truncated or incomplete.
#
#  Out of Memory Error (os_windows.cpp:3532), pid=14504, tid=4120
#
# JRE version: OpenJDK Runtime Environment Temurin-17.0.2+8 (17.0.2+8) (build 17.0.2+8)
# Java VM: OpenJDK 64-Bit Server VM Temurin-17.0.2+8 (17.0.2+8, mixed mode, emulated-client, tiered, compressed oops, compressed class ptrs, g1 gc, windows-amd64)
# No core dump will be written. Minidumps are not enabled by default on client versions of Windows
#

---------------  S U M M A R Y ------------

Command Line: -Dcom.sun.management.jmxremote -Dcom.sun.management.jmxremote.port=49774 -Dcom.sun.management.jmxremote.authenticate=false -Dcom.sun.management.jmxremote.ssl=false -Djava.rmi.server.hostname=localhost -Dspring.jmx.enabled=true -Dspring.application.admin.enabled=true -XX:TieredStopAtLevel=1 -Dspring.boot.project.name=paginationSorting -Dfile.encoding=UTF-8 -XX:+ShowCodeDetailsInExceptionMessages com.infosys.page.PaginationSortingApplication --spring.output.ansi.enabled=always

Host: 11th Gen Intel(R) Core(TM) i5-1135G7 @ 2.40GHz, 8 cores, 7G,  Windows 10 , 64 bit Build 19041 (10.0.19041.1682)
Time: Tue Jun 21 14:45:10 2022 India Standard Time elapsed time: 3.849307 seconds (0d 0h 0m 3s)

---------------  T H R E A D  ---------------

Current thread (0x000002738c9d4df0):  VMThread "VM Thread" [stack: 0x0000009ef8b00000,0x0000009ef8c00000] [id=4120]

Stack: [0x0000009ef8b00000,0x0000009ef8c00000]
Native frames: (J=compiled Java code, j=interpreted, Vv=VM code, C=native code)
V  [jvm.dll+0x67564a]
V  [jvm.dll+0x82fc04]
V  [jvm.dll+0x8313ae]
V  [jvm.dll+0x831a13]
V  [jvm.dll+0x245235]
V  [jvm.dll+0x672539]
V  [jvm.dll+0x666e82]
V  [jvm.dll+0x30401b]
V  [jvm.dll+0x30b566]
V  [jvm.dll+0x35b1fe]
V  [jvm.dll+0x35b42f]
V  [jvm.dll+0x2daf58]
V  [jvm.dll+0x2d920c]
V  [jvm.dll+0x2d87dc]
V  [jvm.dll+0x31c61b]
V  [jvm.dll+0x835ebb]
V  [jvm.dll+0x836bf4]
V  [jvm.dll+0x83710c]
V  [jvm.dll+0x8374e4]
V  [jvm.dll+0x8375b0]
V  [jvm.dll+0x7dff2a]
V  [jvm.dll+0x6744d5]
C  [ucrtbase.dll+0x21bb2]
C  [KERNEL32.DLL+0x17034]
C  [ntdll.dll+0x52651]

VM_Operation (0x0000009ef85fd600): G1CollectForAllocation, mode: safepoint, requested by thread 0x00000273fecd4100


---------------  P R O C E S S  ---------------

Threads class SMR info:
_java_thread_list=0x00000273900af5c0, length=24, elements={
0x00000273fecd4100, 0x000002738c9d87c0, 0x000002738c9d9080, 0x000002738d422890,
0x000002738d43a510, 0x000002738d43b5e0, 0x000002738d43c8c0, 0x000002738d433a50,
0x000002738d435360, 0x000002738c974880, 0x000002738c975160, 0x000002738d63cc00,
0x000002738da97470, 0x000002738dab6590, 0x000002738da9cfe0, 0x000002738daa1910,
0x000002738dcb32b0, 0x000002738dfe1ec0, 0x000002738dfe92e0, 0x000002738dfe87d0,
0x000002738dfe8ca0, 0x000002738fb69870, 0x000002738fb68060, 0x000002738fb68a00
}

Java Threads: ( => current thread )
  0x00000273fecd4100 JavaThread "main" [_thread_blocked, id=2756, stack(0x0000009ef8500000,0x0000009ef8600000)]
  0x000002738c9d87c0 JavaThread "Reference Handler" daemon [_thread_blocked, id=14756, stack(0x0000009ef8c00000,0x0000009ef8d00000)]
  0x000002738c9d9080 JavaThread "Finalizer" daemon [_thread_blocked, id=14760, stack(0x0000009ef8d00000,0x0000009ef8e00000)]
  0x000002738d422890 JavaThread "Signal Dispatcher" daemon [_thread_blocked, id=4856, stack(0x0000009ef8e00000,0x0000009ef8f00000)]
  0x000002738d43a510 JavaThread "Attach Listener" daemon [_thread_blocked, id=10440, stack(0x0000009ef8f00000,0x0000009ef9000000)]
  0x000002738d43b5e0 JavaThread "Service Thread" daemon [_thread_blocked, id=7504, stack(0x0000009ef9000000,0x0000009ef9100000)]
  0x000002738d43c8c0 JavaThread "Monitor Deflation Thread" daemon [_thread_blocked, id=6624, stack(0x0000009ef9100000,0x0000009ef9200000)]
  0x000002738d433a50 JavaThread "C1 CompilerThread0" daemon [_thread_blocked, id=14108, stack(0x0000009ef9200000,0x0000009ef9300000)]
  0x000002738d435360 JavaThread "Sweeper thread" daemon [_thread_blocked, id=6452, stack(0x0000009ef9300000,0x0000009ef9400000)]
  0x000002738c974880 JavaThread "Common-Cleaner" daemon [_thread_blocked, id=9680, stack(0x0000009ef9400000,0x0000009ef9500000)]
  0x000002738c975160 JavaThread "C1 CompilerThread1" daemon [_thread_blocked, id=14996, stack(0x0000009ef9500000,0x0000009ef9600000)]
  0x000002738d63cc00 JavaThread "Notification Thread" daemon [_thread_blocked, id=13584, stack(0x0000009ef9600000,0x0000009ef9700000)]
  0x000002738da97470 JavaThread "RMI TCP Accept-0" daemon [_thread_in_native, id=9400, stack(0x0000009ef9700000,0x0000009ef9800000)]
  0x000002738dab6590 JavaThread "RMI TCP Accept-49774" daemon [_thread_in_native, id=1704, stack(0x0000009ef9800000,0x0000009ef9900000)]
  0x000002738da9cfe0 JavaThread "RMI TCP Accept-0" daemon [_thread_in_native, id=14196, stack(0x0000009ef9900000,0x0000009ef9a00000)]
  0x000002738daa1910 JavaThread "C1 CompilerThread2" daemon [_thread_blocked, id=13140, stack(0x0000009ef9b00000,0x0000009ef9c00000)]
  0x000002738dcb32b0 JavaThread "C1 CompilerThread3" daemon [_thread_blocked, id=7460, stack(0x0000009ef9c00000,0x0000009ef9d00000)]
  0x000002738dfe1ec0 JavaThread "RMI TCP Connection(1)-127.0.0.1" daemon [_thread_in_native, id=13888, stack(0x0000009efa700000,0x0000009efa800000)]
  0x000002738dfe92e0 JavaThread "RMI Scheduler(0)" daemon [_thread_blocked, id=4140, stack(0x0000009efa800000,0x0000009efa900000)]
  0x000002738dfe87d0 JavaThread "RMI TCP Connection(2)-127.0.0.1" daemon [_thread_in_native, id=6824, stack(0x0000009efa900000,0x0000009efaa00000)]
  0x000002738dfe8ca0 JavaThread "JMX server connection timeout 22" daemon [_thread_blocked, id=4824, stack(0x0000009efaa00000,0x0000009efab00000)]
  0x000002738fb69870 JavaThread "mysql-cj-abandoned-connection-cleanup" daemon [_thread_blocked, id=10660, stack(0x0000009efac00000,0x0000009efad00000)]
  0x000002738fb68060 JavaThread "HikariPool-1 housekeeper" daemon [_thread_blocked, id=12264, stack(0x0000009efae00000,0x0000009efaf00000)]
  0x000002738fb68a00 JavaThread "HikariPool-1 connection adder" daemon [_thread_blocked, id=13428, stack(0x0000009efaf00000,0x0000009efb000000)]

Other Threads:
=>0x000002738c9d4df0 VMThread "VM Thread" [stack: 0x0000009ef8b00000,0x0000009ef8c00000] [id=4120]
  0x00000273fed2d1b0 WatcherThread [stack: 0x0000009ef9a00000,0x0000009ef9b00000] [id=11656]
  0x00000273fed13640 GCTaskThread "GC Thread#0" [stack: 0x0000009ef8600000,0x0000009ef8700000] [id=10296]
  0x000002738df17160 GCTaskThread "GC Thread#1" [stack: 0x0000009ef9d00000,0x0000009ef9e00000] [id=8448]
  0x000002738df6f240 GCTaskThread "GC Thread#2" [stack: 0x0000009ef9e00000,0x0000009ef9f00000] [id=3832]
  0x000002738df6f4f0 GCTaskThread "GC Thread#3" [stack: 0x0000009ef9f00000,0x0000009efa000000] [id=6568]
  0x000002738df707b0 GCTaskThread "GC Thread#4" [stack: 0x0000009efa000000,0x0000009efa100000] [id=1716]
  0x000002738df74040 GCTaskThread "GC Thread#5" [stack: 0x0000009efa100000,0x0000009efa200000] [id=1268]
  0x000002738df73830 GCTaskThread "GC Thread#6" [stack: 0x0000009efa200000,0x0000009efa300000] [id=9584]
  0x000002738df732d0 GCTaskThread "GC Thread#7" [stack: 0x0000009efa300000,0x0000009efa400000] [id=3880]
  0x00000273fed26b30 ConcurrentGCThread "G1 Main Marker" [stack: 0x0000009ef8700000,0x0000009ef8800000] [id=4420]
  0x00000273fed27350 ConcurrentGCThread "G1 Conc#0" [stack: 0x0000009ef8800000,0x0000009ef8900000] [id=13400]
  0x000002738df742f0 ConcurrentGCThread "G1 Conc#1" [stack: 0x0000009efab00000,0x0000009efac00000] [id=9096]
  0x000002738c8324c0 ConcurrentGCThread "G1 Refine#0" [stack: 0x0000009ef8900000,0x0000009ef8a00000] [id=3104]
  0x000002738d76e390 ConcurrentGCThread "G1 Refine#1" [stack: 0x0000009efa400000,0x0000009efa500000] [id=8340]
  0x000002738d76e670 ConcurrentGCThread "G1 Refine#2" [stack: 0x0000009efa500000,0x0000009efa600000] [id=7088]
  0x000002738d76e950 ConcurrentGCThread "G1 Refine#3" [stack: 0x0000009efa600000,0x0000009efa700000] [id=11244]
  0x000002738c832cf0 ConcurrentGCThread "G1 Service" [stack: 0x0000009ef8a00000,0x0000009ef8b00000] [id=268]

Threads with active compile tasks:
C1 CompilerThread1     3870 4099       1       org.springframework.core.annotation.AnnotationUtils::findAnnotation (99 bytes)

VM state: at safepoint (normal execution)

VM Mutex/Monitor currently owned by a thread:  ([mutex/lock_event])
[0x00000273feccfd70] Threads_lock - owner thread: 0x000002738c9d4df0
[0x00000273fecd0b80] Heap_lock - owner thread: 0x00000273fecd4100

Heap address: 0x0000000084400000, size: 1980 MB, Compressed Oops mode: 32-bit

CDS archive(s) not mapped
Compressed class space mapped at: 0x0000000100000000-0x0000000140000000, reserved size: 1073741824
Narrow klass base: 0x0000000000000000, Narrow klass shift: 3, Narrow klass range: 0x140000000

GC Precious Log:
 CPUs: 8 total, 8 available
 Memory: 7914M
 Large Page Support: Disabled
 NUMA Support: Disabled
 Compressed Oops: Enabled (32-bit)
 Heap Region Size: 1M
 Heap Min Capacity: 8M
 Heap Initial Capacity: 124M
 Heap Max Capacity: 1980M
 Pre-touch: Disabled
 Parallel Workers: 8
 Concurrent Workers: 2
 Concurrent Refinement Workers: 8
 Periodic GC: Disabled

Heap:
 garbage-first heap   total 49152K, used 17898K [0x0000000084400000, 0x0000000100000000)
  region size 1024K, 3 young (3072K), 3 survivors (3072K)
 Metaspace       used 49689K, committed 50048K, reserved 1097728K
  class space    used 6733K, committed 6912K, reserved 1048576K

Heap Regions: E=young(eden), S=young(survivor), O=old, HS=humongous(starts), HC=humongous(continues), CS=collection set, F=free, OA=open archive, CA=closed archive, TAMS=top-at-mark-start (previous, next)
|   0|0x0000000084400000, 0x0000000084500000, 0x0000000084500000|100%|HS|  |TAMS 0x0000000084500000, 0x0000000084400000| Complete 
|   1|0x0000000084500000, 0x0000000084600000, 0x0000000084600000|100%| O|  |TAMS 0x0000000084600000, 0x0000000084500000| Untracked 
|   2|0x0000000084600000, 0x0000000084700000, 0x0000000084700000|100%| O|  |TAMS 0x0000000084700000, 0x0000000084600000| Untracked 
|   3|0x0000000084700000, 0x0000000084800000, 0x0000000084800000|100%| O|  |TAMS 0x0000000084800000, 0x0000000084700000| Untracked 
|   4|0x0000000084800000, 0x0000000084900000, 0x0000000084900000|100%| O|  |TAMS 0x0000000084900000, 0x0000000084800000| Untracked 
|   5|0x0000000084900000, 0x0000000084a00000, 0x0000000084a00000|100%| O|  |TAMS 0x0000000084a00000, 0x0000000084900000| Untracked 
|   6|0x0000000084a00000, 0x0000000084b00000, 0x0000000084b00000|100%| O|  |TAMS 0x0000000084b00000, 0x0000000084a00000| Untracked 
|   7|0x0000000084b00000, 0x0000000084c00000, 0x0000000084c00000|100%| O|  |TAMS 0x0000000084c00000, 0x0000000084b00000| Untracked 
|   8|0x0000000084c00000, 0x0000000084c00000, 0x0000000084d00000|  0%| F|  |TAMS 0x0000000084c00000, 0x0000000084c00000| Untracked 
|   9|0x0000000084d00000, 0x0000000084e00000, 0x0000000084e00000|100%| O|  |TAMS 0x0000000084e00000, 0x0000000084d00000| Untracked 
|  10|0x0000000084e00000, 0x0000000084f00000, 0x0000000084f00000|100%| O|  |TAMS 0x0000000084f00000, 0x0000000084e00000| Untracked 
|  11|0x0000000084f00000, 0x0000000085000000, 0x0000000085000000|100%| O|  |TAMS 0x0000000085000000, 0x0000000084f00000| Untracked 
|  12|0x0000000085000000, 0x0000000085100000, 0x0000000085100000|100%| O|  |TAMS 0x0000000085100000, 0x0000000085000000| Untracked 
|  13|0x0000000085100000, 0x0000000085200000, 0x0000000085200000|100%| O|  |TAMS 0x0000000085200000, 0x0000000085100000| Untracked 
|  14|0x0000000085200000, 0x0000000085300000, 0x0000000085300000|100%| O|  |TAMS 0x0000000085300000, 0x0000000085200000| Untracked 
|  15|0x0000000085300000, 0x000000008537a800, 0x0000000085400000| 47%| O|  |TAMS 0x0000000085368400, 0x0000000085300000| Untracked 
|  16|0x0000000085400000, 0x0000000085400000, 0x0000000085500000|  0%| F|  |TAMS 0x0000000085400000, 0x0000000085400000| Untracked 
|  17|0x0000000085500000, 0x0000000085500000, 0x0000000085600000|  0%| F|  |TAMS 0x0000000085500000, 0x0000000085500000| Untracked 
|  18|0x0000000085600000, 0x0000000085600000, 0x0000000085700000|  0%| F|  |TAMS 0x0000000085600000, 0x0000000085600000| Untracked 
|  19|0x0000000085700000, 0x0000000085700000, 0x0000000085800000|  0%| F|  |TAMS 0x0000000085700000, 0x0000000085700000| Untracked 
|  20|0x0000000085800000, 0x0000000085800000, 0x0000000085900000|  0%| F|  |TAMS 0x0000000085800000, 0x0000000085800000| Untracked 
|  21|0x0000000085900000, 0x0000000085900000, 0x0000000085a00000|  0%| F|  |TAMS 0x0000000085900000, 0x0000000085900000| Untracked 
|  22|0x0000000085a00000, 0x0000000085a00000, 0x0000000085b00000|  0%| F|  |TAMS 0x0000000085a00000, 0x0000000085a00000| Untracked 
|  23|0x0000000085b00000, 0x0000000085c00000, 0x0000000085c00000|100%| S|CS|TAMS 0x0000000085b00000, 0x0000000085b00000| Complete 
|  24|0x0000000085c00000, 0x0000000085d00000, 0x0000000085d00000|100%| S|CS|TAMS 0x0000000085c00000, 0x0000000085c00000| Complete 
|  25|0x0000000085d00000, 0x0000000085d00000, 0x0000000085e00000|  0%| F|  |TAMS 0x0000000085d00000, 0x0000000085d00000| Untracked 
|  26|0x0000000085e00000, 0x0000000085f00000, 0x0000000085f00000|100%| S|CS|TAMS 0x0000000085e00000, 0x0000000085e00000| Complete 
|  27|0x0000000085f00000, 0x0000000085f00000, 0x0000000086000000|  0%| F|  |TAMS 0x0000000085f00000, 0x0000000085f00000| Untracked 
|  28|0x0000000086000000, 0x0000000086000000, 0x0000000086100000|  0%| F|  |TAMS 0x0000000086000000, 0x0000000086000000| Untracked 
|  29|0x0000000086100000, 0x0000000086100000, 0x0000000086200000|  0%| F|  |TAMS 0x0000000086100000, 0x0000000086100000| Untracked 
|  30|0x0000000086200000, 0x0000000086200000, 0x0000000086300000|  0%| F|  |TAMS 0x0000000086200000, 0x0000000086200000| Untracked 
|  31|0x0000000086300000, 0x0000000086300000, 0x0000000086400000|  0%| F|  |TAMS 0x0000000086300000, 0x0000000086300000| Untracked 
|  32|0x0000000086400000, 0x0000000086400000, 0x0000000086500000|  0%| F|  |TAMS 0x0000000086400000, 0x0000000086400000| Untracked 
|  33|0x0000000086500000, 0x0000000086500000, 0x0000000086600000|  0%| F|  |TAMS 0x0000000086500000, 0x0000000086500000| Untracked 
|  34|0x0000000086600000, 0x0000000086600000, 0x0000000086700000|  0%| F|  |TAMS 0x0000000086600000, 0x0000000086600000| Untracked 
|  35|0x0000000086700000, 0x0000000086700000, 0x0000000086800000|  0%| F|  |TAMS 0x0000000086700000, 0x0000000086700000| Untracked 
|  36|0x0000000086800000, 0x0000000086800000, 0x0000000086900000|  0%| F|  |TAMS 0x0000000086800000, 0x0000000086800000| Untracked 
|  37|0x0000000086900000, 0x0000000086900000, 0x0000000086a00000|  0%| F|  |TAMS 0x0000000086900000, 0x0000000086900000| Untracked 
|  38|0x0000000086a00000, 0x0000000086a00000, 0x0000000086b00000|  0%| F|  |TAMS 0x0000000086a00000, 0x0000000086a00000| Untracked 
|  39|0x0000000086b00000, 0x0000000086b00000, 0x0000000086c00000|  0%| F|  |TAMS 0x0000000086b00000, 0x0000000086b00000| Untracked 
|  40|0x0000000086c00000, 0x0000000086c00000, 0x0000000086d00000|  0%| F|  |TAMS 0x0000000086c00000, 0x0000000086c00000| Untracked 
|  41|0x0000000086d00000, 0x0000000086d00000, 0x0000000086e00000|  0%| F|  |TAMS 0x0000000086d00000, 0x0000000086d00000| Untracked 
|  42|0x0000000086e00000, 0x0000000086e00000, 0x0000000086f00000|  0%| F|  |TAMS 0x0000000086e00000, 0x0000000086e00000| Untracked 
|  43|0x0000000086f00000, 0x0000000086f00000, 0x0000000087000000|  0%| F|  |TAMS 0x0000000086f00000, 0x0000000086f00000| Untracked 
|  44|0x0000000087000000, 0x0000000087000000, 0x0000000087100000|  0%| F|  |TAMS 0x0000000087000000, 0x0000000087000000| Untracked 
| 101|0x000000008a900000, 0x000000008a900000, 0x000000008aa00000|  0%| F|  |TAMS 0x000000008a900000, 0x000000008a900000| Untracked 
| 102|0x000000008aa00000, 0x000000008aa00000, 0x000000008ab00000|  0%| F|  |TAMS 0x000000008aa00000, 0x000000008aa00000| Untracked 
| 123|0x000000008bf00000, 0x000000008bf00000, 0x000000008c000000|  0%| F|  |TAMS 0x000000008bf00000, 0x000000008bf00000| Untracked 

Card table byte_map: [0x00000273ff2a0000,0x00000273ff680000] _byte_map_base: 0x00000273fee7e000

Marking Bits (Prev, Next): (CMBitMap*) 0x00000273fed16ac0, (CMBitMap*) 0x00000273fed16a80
 Prev Bits: [0x00000273884d0000, 0x000002738a3c0000)
 Next Bits: [0x00000273865e0000, 0x00000273884d0000)

Polling page: 0x00000273fe4b0000

Metaspace:

Usage:
  Non-class:     41.95 MB used.
      Class:      6.58 MB used.
       Both:     48.53 MB used.

Virtual space:
  Non-class space:       48.00 MB reserved,      42.12 MB ( 88%) committed,  6 nodes.
      Class space:        1.00 GB reserved,       6.75 MB ( <1%) committed,  1 nodes.
             Both:        1.05 GB reserved,      48.88 MB (  5%) committed. 

Chunk freelists:
   Non-Class:  1.81 MB
       Class:  1.08 MB
        Both:  2.89 MB

MaxMetaspaceSize: unlimited
CompressedClassSpaceSize: 1.00 GB
Initial GC threshold: 21.00 MB
Current GC threshold: 76.25 MB
CDS: off
MetaspaceReclaimPolicy: balanced
 - commit_granule_bytes: 65536.
 - commit_granule_words: 8192.
 - virtual_space_node_default_size: 1048576.
 - enlarge_chunks_in_place: 1.
 - new_chunks_are_fully_committed: 0.
 - uncommit_free_chunks: 1.
 - use_allocation_guard: 0.
 - handle_deallocations: 1.


Internal statistics:

num_allocs_failed_limit: 9.
num_arena_births: 420.
num_arena_deaths: 0.
num_vsnodes_births: 7.
num_vsnodes_deaths: 0.
num_space_committed: 782.
num_space_uncommitted: 0.
num_chunks_returned_to_freelist: 9.
num_chunks_taken_from_freelist: 1797.
num_chunk_merges: 3.
num_chunk_splits: 1234.
num_chunks_enlarged: 933.
num_purges: 0.
num_inconsistent_stats: 0.

CodeCache: size=49152Kb used=9253Kb max_used=9253Kb free=39898Kb
 bounds [0x00000273835e0000, 0x0000027383ef0000, 0x00000273865e0000]
 total_blobs=4705 nmethods=4098 adapters=531
 compilation: enabled
              stopped_count=0, restarted_count=0
 full_count=0

Compilation events (20 events):
Event: 3.831 Thread 0x000002738dcb32b0 4090       1       java.lang.reflect.Executable$$Lambda$691/0x00000001004b94b8::apply (13 bytes)
Event: 3.831 Thread 0x000002738dcb32b0 nmethod 4090 0x0000027383ee3a10 code [0x0000027383ee3ba0, 0x0000027383ee3cc8]
Event: 3.831 Thread 0x000002738c975160 nmethod 4088 0x0000027383ee3d90 code [0x0000027383ee3f60, 0x0000027383ee4408]
Event: 3.832 Thread 0x000002738c975160 4091       1       java.lang.reflect.Method::toString (20 bytes)
Event: 3.832 Thread 0x000002738dcb32b0 4092   !   1       java.lang.reflect.Executable::sharedToString (138 bytes)
Event: 3.832 Thread 0x000002738daa1910 4093       1       java.lang.reflect.Method::specificToStringHeader (44 bytes)
Event: 3.833 Thread 0x000002738c975160 nmethod 4091 0x0000027383ee4590 code [0x0000027383ee4740, 0x0000027383ee4898]
Event: 3.833 Thread 0x000002738daa1910 nmethod 4093 0x0000027383ee4990 code [0x0000027383ee4b80, 0x0000027383ee4d48]
Event: 3.833 Thread 0x000002738daa1910 4094       1       java.lang.reflect.Executable$$Lambda$857/0x0000000100642b00::apply (13 bytes)
Event: 3.833 Thread 0x000002738daa1910 nmethod 4094 0x0000027383ee4f10 code [0x0000027383ee50a0, 0x0000027383ee51c8]
Event: 3.833 Thread 0x000002738c975160 4095       1       java.lang.String::repeat (190 bytes)
Event: 3.834 Thread 0x000002738dcb32b0 nmethod 4092 0x0000027383ee5290 code [0x0000027383ee5660, 0x0000027383ee6838]
Event: 3.834 Thread 0x000002738c975160 nmethod 4095 0x0000027383ee7510 code [0x0000027383ee7780, 0x0000027383ee81b8]
Event: 3.834 Thread 0x000002738d433a50 4096   !   1       org.springframework.util.ClassUtils::getDefaultClassLoader (37 bytes)
Event: 3.834 Thread 0x000002738dcb32b0 4097       1       java.lang.invoke.Invokers$Holder::linkToTargetMethod (13 bytes)
Event: 3.834 Thread 0x000002738c975160 4098       1       java.lang.invoke.LambdaForm$DMH/0x0000000100194400::newInvokeSpecial (30 bytes)
Event: 3.835 Thread 0x000002738dcb32b0 nmethod 4097 0x0000027383ee8590 code [0x0000027383ee8740, 0x0000027383ee8858]
Event: 3.835 Thread 0x000002738c975160 nmethod 4098 0x0000027383ee8910 code [0x0000027383ee8ac0, 0x0000027383ee8c68]
Event: 3.835 Thread 0x000002738d433a50 nmethod 4096 0x0000027383ee8e10 code [0x0000027383ee9000, 0x0000027383ee9378]
Event: 3.837 Thread 0x000002738c975160 4099       1       org.springframework.core.annotation.AnnotationUtils::findAnnotation (99 bytes)

GC Heap History (20 events):
Event: 1.363 GC heap after
{Heap after GC invocations=2 (full 0):
 garbage-first heap   total 126976K, used 8562K [0x0000000084400000, 0x0000000100000000)
  region size 1024K, 2 young (2048K), 2 survivors (2048K)
 Metaspace       used 21311K, committed 21504K, reserved 1073152K
  class space    used 2506K, committed 2624K, reserved 1048576K
}
Event: 1.784 GC heap before
{Heap before GC invocations=3 (full 0):
 garbage-first heap   total 34816K, used 25970K [0x0000000084400000, 0x0000000100000000)
  region size 1024K, 20 young (20480K), 2 survivors (2048K)
 Metaspace       used 23274K, committed 23552K, reserved 1073152K
  class space    used 2795K, committed 2944K, reserved 1048576K
}
Event: 1.789 GC heap after
{Heap after GC invocations=4 (full 0):
 garbage-first heap   total 34816K, used 9619K [0x0000000084400000, 0x0000000100000000)
  region size 1024K, 3 young (3072K), 3 survivors (3072K)
 Metaspace       used 23274K, committed 23552K, reserved 1073152K
  class space    used 2795K, committed 2944K, reserved 1048576K
}
Event: 1.816 GC heap before
{Heap before GC invocations=4 (full 0):
 garbage-first heap   total 34816K, used 10643K [0x0000000084400000, 0x0000000100000000)
  region size 1024K, 4 young (4096K), 3 survivors (3072K)
 Metaspace       used 23454K, committed 23744K, reserved 1073152K
  class space    used 2826K, committed 3008K, reserved 1048576K
}
Event: 1.820 GC heap after
{Heap after GC invocations=5 (full 0):
 garbage-first heap   total 34816K, used 9935K [0x0000000084400000, 0x0000000100000000)
  region size 1024K, 1 young (1024K), 1 survivors (1024K)
 Metaspace       used 23454K, committed 23744K, reserved 1073152K
  class space    used 2826K, committed 3008K, reserved 1048576K
}
Event: 2.140 GC heap before
{Heap before GC invocations=5 (full 0):
 garbage-first heap   total 34816K, used 24271K [0x0000000084400000, 0x0000000100000000)
  region size 1024K, 15 young (15360K), 1 survivors (1024K)
 Metaspace       used 25715K, committed 25984K, reserved 1073152K
  class space    used 3200K, committed 3328K, reserved 1048576K
}
Event: 2.145 GC heap after
{Heap after GC invocations=6 (full 0):
 garbage-first heap   total 34816K, used 10892K [0x0000000084400000, 0x0000000100000000)
  region size 1024K, 2 young (2048K), 2 survivors (2048K)
 Metaspace       used 25715K, committed 25984K, reserved 1073152K
  class space    used 3200K, committed 3328K, reserved 1048576K
}
Event: 2.367 GC heap before
{Heap before GC invocations=6 (full 0):
 garbage-first heap   total 34816K, used 23180K [0x0000000084400000, 0x0000000100000000)
  region size 1024K, 15 young (15360K), 2 survivors (2048K)
 Metaspace       used 28657K, committed 28928K, reserved 1081344K
  class space    used 3594K, committed 3712K, reserved 1048576K
}
Event: 2.370 GC heap after
{Heap after GC invocations=7 (full 0):
 garbage-first heap   total 49152K, used 11669K [0x0000000084400000, 0x0000000100000000)
  region size 1024K, 1 young (1024K), 1 survivors (1024K)
 Metaspace       used 28657K, committed 28928K, reserved 1081344K
  class space    used 3594K, committed 3712K, reserved 1048576K
}
Event: 2.783 GC heap before
{Heap before GC invocations=7 (full 0):
 garbage-first heap   total 49152K, used 33173K [0x0000000084400000, 0x0000000100000000)
  region size 1024K, 23 young (23552K), 1 survivors (1024K)
 Metaspace       used 35266K, committed 35648K, reserved 1081344K
  class space    used 4604K, committed 4800K, reserved 1048576K
}
Event: 2.788 GC heap after
{Heap after GC invocations=8 (full 0):
 garbage-first heap   total 49152K, used 13908K [0x0000000084400000, 0x0000000100000000)
  region size 1024K, 3 young (3072K), 3 survivors (3072K)
 Metaspace       used 35266K, committed 35648K, reserved 1081344K
  class space    used 4604K, committed 4800K, reserved 1048576K
}
Event: 2.808 GC heap before
{Heap before GC invocations=8 (full 0):
 garbage-first heap   total 49152K, used 14932K [0x0000000084400000, 0x0000000100000000)
  region size 1024K, 5 young (5120K), 3 survivors (3072K)
 Metaspace       used 35661K, committed 35968K, reserved 1081344K
  class space    used 4646K, committed 4800K, reserved 1048576K
}
Event: 2.812 GC heap after
{Heap after GC invocations=9 (full 0):
 garbage-first heap   total 49152K, used 14345K [0x0000000084400000, 0x0000000100000000)
  region size 1024K, 1 young (1024K), 1 survivors (1024K)
 Metaspace       used 35661K, committed 35968K, reserved 1081344K
  class space    used 4646K, committed 4800K, reserved 1048576K
}
Event: 3.162 GC heap before
{Heap before GC invocations=10 (full 0):
 garbage-first heap   total 49152K, used 35849K [0x0000000084400000, 0x0000000100000000)
  region size 1024K, 22 young (22528K), 1 survivors (1024K)
 Metaspace       used 41442K, committed 41728K, reserved 1089536K
  class space    used 5429K, committed 5568K, reserved 1048576K
}
Event: 3.165 GC heap after
{Heap after GC invocations=11 (full 0):
 garbage-first heap   total 49152K, used 15103K [0x0000000084400000, 0x0000000100000000)
  region size 1024K, 2 young (2048K), 2 survivors (2048K)
 Metaspace       used 41442K, committed 41728K, reserved 1089536K
  class space    used 5429K, committed 5568K, reserved 1048576K
}
Event: 3.177 GC heap before
{Heap before GC invocations=11 (full 0):
 garbage-first heap   total 49152K, used 16127K [0x0000000084400000, 0x0000000100000000)
  region size 1024K, 3 young (3072K), 2 survivors (2048K)
 Metaspace       used 41512K, committed 41856K, reserved 1089536K
  class space    used 5446K, committed 5632K, reserved 1048576K
}
Event: 3.180 GC heap after
{Heap after GC invocations=12 (full 0):
 garbage-first heap   total 49152K, used 14961K [0x0000000084400000, 0x0000000100000000)
  region size 1024K, 1 young (1024K), 1 survivors (1024K)
 Metaspace       used 41512K, committed 41856K, reserved 1089536K
  class space    used 5446K, committed 5632K, reserved 1048576K
}
Event: 3.527 GC heap before
{Heap before GC invocations=12 (full 0):
 garbage-first heap   total 49152K, used 36465K [0x0000000084400000, 0x0000000100000000)
  region size 1024K, 22 young (22528K), 1 survivors (1024K)
 Metaspace       used 46314K, committed 46656K, reserved 1089536K
  class space    used 6226K, committed 6400K, reserved 1048576K
}
Event: 3.530 GC heap after
{Heap after GC invocations=13 (full 0):
 garbage-first heap   total 49152K, used 15728K [0x0000000084400000, 0x0000000100000000)
  region size 1024K, 1 young (1024K), 1 survivors (1024K)
 Metaspace       used 46314K, committed 46656K, reserved 1089536K
  class space    used 6226K, committed 6400K, reserved 1048576K
}
Event: 3.838 GC heap before
{Heap before GC invocations=14 (full 0):
 garbage-first heap   total 49152K, used 36208K [0x0000000084400000, 0x0000000100000000)
  region size 1024K, 22 young (22528K), 1 survivors (1024K)
 Metaspace       used 49689K, committed 50048K, reserved 1097728K
  class space    used 6733K, committed 6912K, reserved 1048576K
}

Deoptimization events (14 events):
Event: 0.726 Thread 0x00000273fecd4100 DEOPT PACKING pc=0x0000027383807af5 sp=0x0000009ef85fdcf0
Event: 0.726 Thread 0x00000273fecd4100 DEOPT UNPACKING pc=0x0000027383636763 sp=0x0000009ef85fd148 mode 3
Event: 1.232 Thread 0x00000273fecd4100 DEOPT PACKING pc=0x0000027383b54519 sp=0x0000009ef85fd780
Event: 1.232 Thread 0x00000273fecd4100 DEOPT UNPACKING pc=0x0000027383636763 sp=0x0000009ef85fcc60 mode 3
Event: 1.806 Thread 0x00000273fecd4100 DEOPT PACKING pc=0x0000027383b77394 sp=0x0000009ef85fdc30
Event: 1.806 Thread 0x00000273fecd4100 DEOPT UNPACKING pc=0x0000027383636763 sp=0x0000009ef85fd188 mode 0
Event: 1.964 Thread 0x00000273fecd4100 DEOPT PACKING pc=0x0000027383c8f1f5 sp=0x0000009ef85fd240
Event: 1.964 Thread 0x00000273fecd4100 DEOPT UNPACKING pc=0x0000027383636763 sp=0x0000009ef85fc6b0 mode 3
Event: 2.217 Thread 0x00000273fecd4100 DEOPT PACKING pc=0x0000027383b7cc05 sp=0x0000009ef85f7c60
Event: 2.218 Thread 0x00000273fecd4100 DEOPT UNPACKING pc=0x0000027383636763 sp=0x0000009ef85f71c0 mode 3
Event: 2.768 Thread 0x00000273fecd4100 DEOPT PACKING pc=0x0000027383ae8a8c sp=0x0000009ef85f9e70
Event: 2.768 Thread 0x00000273fecd4100 DEOPT UNPACKING pc=0x0000027383636763 sp=0x0000009ef85f9338 mode 0
Event: 2.941 Thread 0x000002738fb68060 DEOPT PACKING pc=0x0000027383aef997 sp=0x0000009efaeff0d0
Event: 2.941 Thread 0x000002738fb68060 DEOPT UNPACKING pc=0x0000027383636763 sp=0x0000009efaefe528 mode 3

Classes unloaded (0 events):
No events

Classes redefined (0 events):
No events

Internal exceptions (20 events):
Event: 3.578 Thread 0x00000273fecd4100 Exception <a 'java/lang/ClassNotFoundException'{0x000000008a981dc0}: org/springframework/beans/factory/BeanClassLoaderAwareCustomizer> (0x000000008a981dc0) 
thrown [e:\jenkins\tmp\workspace\build\src\src\hotspot\share\classfile\systemDictionary.cpp, line 256]
Event: 3.578 Thread 0x00000273fecd4100 Exception <a 'java/lang/ClassNotFoundException'{0x000000008a986d10}: org/springframework/beans/factory/AwareCustomizer> (0x000000008a986d10) 
thrown [e:\jenkins\tmp\workspace\build\src\src\hotspot\share\classfile\systemDictionary.cpp, line 256]
Event: 3.579 Thread 0x00000273fecd4100 Exception <a 'java/lang/ClassNotFoundException'{0x000000008a98b228}: org/springframework/beans/factory/BeanFactoryAwareCustomizer> (0x000000008a98b228) 
thrown [e:\jenkins\tmp\workspace\build\src\src\hotspot\share\classfile\systemDictionary.cpp, line 256]
Event: 3.579 Thread 0x00000273fecd4100 Exception <a 'java/lang/ClassNotFoundException'{0x000000008a990818}: org/springframework/beans/factory/AwareCustomizer> (0x000000008a990818) 
thrown [e:\jenkins\tmp\workspace\build\src\src\hotspot\share\classfile\systemDictionary.cpp, line 256]
Event: 3.579 Thread 0x00000273fecd4100 Exception <a 'java/lang/ClassNotFoundException'{0x000000008a994e90}: org/springframework/context/ApplicationEventPublisherAwareCustomizer> (0x000000008a994e90) 
thrown [e:\jenkins\tmp\workspace\build\src\src\hotspot\share\classfile\systemDictionary.cpp, line 256]
Event: 3.579 Thread 0x00000273fecd4100 Exception <a 'java/lang/ClassNotFoundException'{0x000000008a99a568}: org/springframework/beans/factory/AwareCustomizer> (0x000000008a99a568) 
thrown [e:\jenkins\tmp\workspace\build\src\src\hotspot\share\classfile\systemDictionary.cpp, line 256]
Event: 3.582 Thread 0x00000273fecd4100 Exception <a 'java/lang/ClassNotFoundException'{0x000000008a9c4788}: java/lang/ObjectCustomizer> (0x000000008a9c4788) 
thrown [e:\jenkins\tmp\workspace\build\src\src\hotspot\share\classfile\systemDictionary.cpp, line 256]
Event: 3.583 Thread 0x00000273fecd4100 Exception <a 'java/lang/ClassNotFoundException'{0x000000008a9cc250}: org/springframework/core/io/support/PropertiesLoaderSupportCustomizer> (0x000000008a9cc250) 
thrown [e:\jenkins\tmp\workspace\build\src\src\hotspot\share\classfile\systemDictionary.cpp, line 256]
Event: 3.583 Thread 0x00000273fecd4100 Exception <a 'java/lang/ClassNotFoundException'{0x000000008a9d97b0}: org/springframework/beans/factory/config/PropertiesFactoryBeanCustomizer> (0x000000008a9d97b0) 
thrown [e:\jenkins\tmp\workspace\build\src\src\hotspot\share\classfile\systemDictionary.cpp, line 256]
Event: 3.584 Thread 0x00000273fecd4100 Exception <a 'java/lang/ClassNotFoundException'{0x000000008a9ee460}: org/springframework/beans/factory/FactoryBeanCustomizer> (0x000000008a9ee460) 
thrown [e:\jenkins\tmp\workspace\build\src\src\hotspot\share\classfile\systemDictionary.cpp, line 256]
Event: 3.584 Thread 0x00000273fecd4100 Exception <a 'java/lang/ClassNotFoundException'{0x000000008a9f53b8}: org/springframework/beans/factory/InitializingBeanCustomizer> (0x000000008a9f53b8) 
thrown [e:\jenkins\tmp\workspace\build\src\src\hotspot\share\classfile\systemDictionary.cpp, line 256]
Event: 3.629 Thread 0x00000273fecd4100 Exception <a 'java/lang/IncompatibleClassChangeError'{0x0000000086c513c0}: Found class java.lang.Object, but interface was expected> (0x0000000086c513c0) 
thrown [e:\jenkins\tmp\workspace\build\src\src\hotspot\share\interpreter\linkResolver.cpp, line 833]
Event: 3.632 Thread 0x00000273fecd4100 Exception <a 'java/lang/NoSuchMethodError'{0x0000000086c9dc88}: 'java.lang.Object java.lang.invoke.DirectMethodHandle$Holder.invokeSpecialIFC(java.lang.Object, java.lang.Object, java.lang.Object)'> (0x0000000086c9dc88) 
thrown [e:\jenkins\tmp\workspace\build\src\src\hotspot\share\interpreter\linkResolver.cpp, line 766]
Event: 3.657 Thread 0x000002738dfe87d0 Exception <a 'java/lang/reflect/InvocationTargetException'{0x0000000086a54a08}> (0x0000000086a54a08) 
thrown [e:\jenkins\tmp\workspace\build\src\src\hotspot\share\runtime\reflection.cpp, line 1121]
Event: 3.688 Thread 0x00000273fecd4100 Exception <a 'java/lang/ClassNotFoundException'{0x00000000868474e0}: java/lang/ObjectCustomizer> (0x00000000868474e0) 
thrown [e:\jenkins\tmp\workspace\build\src\src\hotspot\share\classfile\systemDictionary.cpp, line 256]
Event: 3.688 Thread 0x00000273fecd4100 Exception <a 'java/lang/ClassNotFoundException'{0x000000008684e9d8}: com/infosys/page/TransactionCustomizer> (0x000000008684e9d8) 
thrown [e:\jenkins\tmp\workspace\build\src\src\hotspot\share\classfile\systemDictionary.cpp, line 256]
Event: 3.705 Thread 0x00000273fecd4100 Exception <a 'java/lang/NoSuchMethodError'{0x00000000868faae8}: 'int java.lang.invoke.DirectMethodHandle$Holder.invokeVirtual(java.lang.Object, java.lang.Object)'> (0x00000000868faae8) 
thrown [e:\jenkins\tmp\workspace\build\src\src\hotspot\share\interpreter\linkResolver.cpp, line 766]
Event: 3.708 Thread 0x00000273fecd4100 Exception <a 'java/lang/NoSuchMethodError'{0x0000000086750fb0}: 'int java.lang.invoke.DirectMethodHandle$Holder.invokeVirtual(java.lang.Object, java.lang.Object, java.lang.Object)'> (0x0000000086750fb0) 
thrown [e:\jenkins\tmp\workspace\build\src\src\hotspot\share\interpreter\linkResolver.cpp, line 766]
Event: 3.716 Thread 0x00000273fecd4100 Exception <a 'java/lang/NoSuchMethodError'{0x00000000867d1078}: 'java.lang.Object java.lang.invoke.DirectMethodHandle$Holder.invokeStaticInit(java.lang.Object, java.lang.Object, java.lang.Object)'> (0x00000000867d1078) 
thrown [e:\jenkins\tmp\workspace\build\src\src\hotspot\share\interpreter\linkResolver.cpp, line 766]
Event: 3.745 Thread 0x00000273fecd4100 Exception <a 'java/lang/IncompatibleClassChangeError'{0x0000000086510d30}: Found class java.lang.Object, but interface was expected> (0x0000000086510d30) 
thrown [e:\jenkins\tmp\workspace\build\src\src\hotspot\share\interpreter\linkResolver.cpp, line 833]

VM Operations (20 events):
Event: 2.828 Executing VM operation: G1Concurrent done
Event: 2.893 Executing VM operation: HandshakeAllThreads
Event: 2.893 Executing VM operation: HandshakeAllThreads done
Event: 3.162 Executing VM operation: G1CollectForAllocation
Event: 3.165 Executing VM operation: G1CollectForAllocation done
Event: 3.177 Executing VM operation: G1CollectForAllocation
Event: 3.180 Executing VM operation: G1CollectForAllocation done
Event: 3.526 Executing VM operation: G1CollectForAllocation
Event: 3.530 Executing VM operation: G1CollectForAllocation done
Event: 3.544 Executing VM operation: G1Concurrent
Event: 3.547 Executing VM operation: G1Concurrent done
Event: 3.553 Executing VM operation: G1Concurrent
Event: 3.553 Executing VM operation: G1Concurrent done
Event: 3.575 Executing VM operation: HandshakeAllThreads
Event: 3.576 Executing VM operation: HandshakeAllThreads done
Event: 3.755 Executing VM operation: HandshakeAllThreads
Event: 3.755 Executing VM operation: HandshakeAllThreads done
Event: 3.755 Executing VM operation: HandshakeAllThreads
Event: 3.755 Executing VM operation: HandshakeAllThreads done
Event: 3.838 Executing VM operation: G1CollectForAllocation

Events (20 events):
Event: 3.607 loading class java/util/concurrent/ConcurrentHashMap$TreeNode
Event: 3.607 loading class java/util/concurrent/ConcurrentHashMap$TreeNode done
Event: 3.607 loading class java/util/concurrent/ConcurrentHashMap$TreeBin
Event: 3.607 loading class java/util/concurrent/ConcurrentHashMap$TreeBin done
Event: 3.688 loading class java/lang/ObjectCustomizer
Event: 3.688 loading class java/lang/ObjectCustomizer done
Event: 3.688 loading class java/lang/ObjectCustomizer
Event: 3.688 loading class java/lang/ObjectCustomizer done
Event: 3.748 loading class java/lang/Package$1PackageInfoProxy
Event: 3.748 loading class java/lang/Package$1PackageInfoProxy done
Event: 3.780 loading class javax/management/modelmbean/ModelMBean
Event: 3.780 loading class javax/management/PersistentMBean
Event: 3.780 loading class javax/management/PersistentMBean done
Event: 3.780 loading class javax/management/modelmbean/ModelMBeanNotificationBroadcaster
Event: 3.780 loading class javax/management/modelmbean/ModelMBeanNotificationBroadcaster done
Event: 3.780 loading class javax/management/modelmbean/ModelMBean done
Event: 3.783 loading class javax/management/modelmbean/ModelMBeanInfo
Event: 3.783 loading class javax/management/modelmbean/ModelMBeanInfo done
Event: 3.787 loading class javax/management/Attribute
Event: 3.787 loading class javax/management/Attribute done


Dynamic libraries:
0x00007ff6f8420000 - 0x00007ff6f842e000 	D:\sts-4.14.1.RELEASE\plugins\org.eclipse.justj.openjdk.hotspot.jre.full.win32.x86_64_17.0.2.v20220201-1208\jre\bin\javaw.exe
0x00007ff92dd50000 - 0x00007ff92df45000 	C:\WINDOWS\SYSTEM32\ntdll.dll
0x00007ff92cd80000 - 0x00007ff92ce3d000 	C:\WINDOWS\System32\KERNEL32.DLL
0x00007ff92b6c0000 - 0x00007ff92b98d000 	C:\WINDOWS\System32\KERNELBASE.dll
0x00007ff92bb40000 - 0x00007ff92bc40000 	C:\WINDOWS\System32\ucrtbase.dll
0x00007ff910e10000 - 0x00007ff910e29000 	D:\sts-4.14.1.RELEASE\plugins\org.eclipse.justj.openjdk.hotspot.jre.full.win32.x86_64_17.0.2.v20220201-1208\jre\bin\VCRUNTIME140.dll
0x00007ff924ec0000 - 0x00007ff924ed8000 	D:\sts-4.14.1.RELEASE\plugins\org.eclipse.justj.openjdk.hotspot.jre.full.win32.x86_64_17.0.2.v20220201-1208\jre\bin\jli.dll
0x00007ff92d410000 - 0x00007ff92d5b0000 	C:\WINDOWS\System32\USER32.dll
0x00007ff92bb10000 - 0x00007ff92bb32000 	C:\WINDOWS\System32\win32u.dll
0x00007ff92cea0000 - 0x00007ff92ceca000 	C:\WINDOWS\System32\GDI32.dll
0x00007ff92b990000 - 0x00007ff92ba9b000 	C:\WINDOWS\System32\gdi32full.dll
0x00007ff92b4c0000 - 0x00007ff92b55d000 	C:\WINDOWS\System32\msvcp_win.dll
0x00007ff91b870000 - 0x00007ff91bb0a000 	C:\WINDOWS\WinSxS\amd64_microsoft.windows.common-controls_6595b64144ccf1df_6.0.19041.1110_none_60b5254171f9507e\COMCTL32.dll
0x00007ff92c300000 - 0x00007ff92c39e000 	C:\WINDOWS\System32\msvcrt.dll
0x00007ff92d710000 - 0x00007ff92d740000 	C:\WINDOWS\System32\IMM32.DLL
0x00007ff9284d0000 - 0x00007ff9284dc000 	D:\sts-4.14.1.RELEASE\plugins\org.eclipse.justj.openjdk.hotspot.jre.full.win32.x86_64_17.0.2.v20220201-1208\jre\bin\vcruntime140_1.dll
0x00007ff8f8c40000 - 0x00007ff8f8cd1000 	D:\sts-4.14.1.RELEASE\plugins\org.eclipse.justj.openjdk.hotspot.jre.full.win32.x86_64_17.0.2.v20220201-1208\jre\bin\msvcp140.dll
0x00007ff8d5280000 - 0x00007ff8d5ec7000 	D:\sts-4.14.1.RELEASE\plugins\org.eclipse.justj.openjdk.hotspot.jre.full.win32.x86_64_17.0.2.v20220201-1208\jre\bin\server\jvm.dll
0x00007ff92d230000 - 0x00007ff92d2de000 	C:\WINDOWS\System32\ADVAPI32.dll
0x00007ff92ccd0000 - 0x00007ff92cd6c000 	C:\WINDOWS\System32\sechost.dll
0x00007ff92bd50000 - 0x00007ff92be75000 	C:\WINDOWS\System32\RPCRT4.dll
0x00007ff92d5c0000 - 0x00007ff92d5c9000 	C:\WINDOWS\System32\WSOCK32.dll
0x00007ff92dbf0000 - 0x00007ff92dc5b000 	C:\WINDOWS\System32\WS2_32.dll
0x00007ff92c460000 - 0x00007ff92c46a000 	C:\WINDOWS\System32\VERSION.dll
0x00007ff92d740000 - 0x00007ff92d748000 	C:\WINDOWS\System32\PSAPI.DLL
0x00007ff917fb0000 - 0x00007ff917fd7000 	C:\WINDOWS\SYSTEM32\WINMM.dll
0x00007ff929db0000 - 0x00007ff929dc2000 	C:\WINDOWS\SYSTEM32\kernel.appcore.dll
0x00007ff9284b0000 - 0x00007ff9284ba000 	D:\sts-4.14.1.RELEASE\plugins\org.eclipse.justj.openjdk.hotspot.jre.full.win32.x86_64_17.0.2.v20220201-1208\jre\bin\jimage.dll
0x00007ff9291f0000 - 0x00007ff9293d4000 	C:\WINDOWS\SYSTEM32\DBGHELP.DLL
0x00007ff91bb10000 - 0x00007ff91bb3c000 	C:\WINDOWS\SYSTEM32\dbgcore.DLL
0x00007ff92bc90000 - 0x00007ff92bd12000 	C:\WINDOWS\System32\bcryptPrimitives.dll
0x00007ff91ac80000 - 0x00007ff91aca5000 	D:\sts-4.14.1.RELEASE\plugins\org.eclipse.justj.openjdk.hotspot.jre.full.win32.x86_64_17.0.2.v20220201-1208\jre\bin\java.dll
0x00007ff924d30000 - 0x00007ff924d48000 	D:\sts-4.14.1.RELEASE\plugins\org.eclipse.justj.openjdk.hotspot.jre.full.win32.x86_64_17.0.2.v20220201-1208\jre\bin\zip.dll
0x00007ff92c470000 - 0x00007ff92cbb4000 	C:\WINDOWS\System32\SHELL32.dll
0x00007ff9293e0000 - 0x00007ff929b74000 	C:\WINDOWS\SYSTEM32\windows.storage.dll
0x00007ff92ced0000 - 0x00007ff92d224000 	C:\WINDOWS\System32\combase.dll
0x00007ff92ae70000 - 0x00007ff92ae9c000 	C:\WINDOWS\SYSTEM32\Wldp.dll
0x00007ff92dc60000 - 0x00007ff92dd0d000 	C:\WINDOWS\System32\SHCORE.dll
0x00007ff92ce40000 - 0x00007ff92ce95000 	C:\WINDOWS\System32\shlwapi.dll
0x00007ff92b350000 - 0x00007ff92b36f000 	C:\WINDOWS\SYSTEM32\profapi.dll
0x00007ff91ea80000 - 0x00007ff91ea99000 	D:\sts-4.14.1.RELEASE\plugins\org.eclipse.justj.openjdk.hotspot.jre.full.win32.x86_64_17.0.2.v20220201-1208\jre\bin\net.dll
0x00007ff926670000 - 0x00007ff92677a000 	C:\WINDOWS\SYSTEM32\WINHTTP.dll
0x00007ff92abd0000 - 0x00007ff92ac3a000 	C:\WINDOWS\system32\mswsock.dll
0x00007ff91ab90000 - 0x00007ff91aba5000 	D:\sts-4.14.1.RELEASE\plugins\org.eclipse.justj.openjdk.hotspot.jre.full.win32.x86_64_17.0.2.v20220201-1208\jre\bin\nio.dll
0x00007ff925ee0000 - 0x00007ff925ee9000 	D:\sts-4.14.1.RELEASE\plugins\org.eclipse.justj.openjdk.hotspot.jre.full.win32.x86_64_17.0.2.v20220201-1208\jre\bin\management.dll
0x00007ff91d620000 - 0x00007ff91d62b000 	D:\sts-4.14.1.RELEASE\plugins\org.eclipse.justj.openjdk.hotspot.jre.full.win32.x86_64_17.0.2.v20220201-1208\jre\bin\management_ext.dll
0x00007ff9069f0000 - 0x00007ff906a07000 	C:\WINDOWS\system32\napinsp.dll
0x00007ff906830000 - 0x00007ff90684b000 	C:\WINDOWS\system32\pnrpnsp.dll
0x00007ff9283e0000 - 0x00007ff9283fd000 	C:\WINDOWS\system32\NLAapi.dll
0x00007ff92a870000 - 0x00007ff92a8ab000 	C:\WINDOWS\SYSTEM32\IPHLPAPI.DLL
0x00007ff9069d0000 - 0x00007ff9069e5000 	C:\WINDOWS\system32\wshbth.dll
0x00007ff92a8b0000 - 0x00007ff92a97b000 	C:\WINDOWS\SYSTEM32\DNSAPI.dll
0x00007ff92cd70000 - 0x00007ff92cd78000 	C:\WINDOWS\System32\NSI.dll
0x00007ff9069b0000 - 0x00007ff9069c2000 	C:\WINDOWS\System32\winrnr.dll
0x00007ff924fb0000 - 0x00007ff924fba000 	C:\Windows\System32\rasadhlp.dll
0x00007ff9262c0000 - 0x00007ff926340000 	C:\WINDOWS\System32\fwpuclnt.dll
0x00007ff92bd20000 - 0x00007ff92bd47000 	C:\WINDOWS\System32\bcrypt.dll
0x00007ff92adc0000 - 0x00007ff92add8000 	C:\WINDOWS\SYSTEM32\CRYPTSP.dll
0x00007ff92a4e0000 - 0x00007ff92a514000 	C:\WINDOWS\system32\rsaenh.dll
0x00007ff92b2d0000 - 0x00007ff92b2fe000 	C:\WINDOWS\SYSTEM32\USERENV.dll
0x00007ff92ade0000 - 0x00007ff92adec000 	C:\WINDOWS\SYSTEM32\CRYPTBASE.dll
0x00007ff925200000 - 0x00007ff925217000 	C:\WINDOWS\SYSTEM32\dhcpcsvc6.DLL
0x00007ff925100000 - 0x00007ff92511d000 	C:\WINDOWS\SYSTEM32\dhcpcsvc.DLL
0x00007ff928460000 - 0x00007ff928470000 	D:\sts-4.14.1.RELEASE\plugins\org.eclipse.justj.openjdk.hotspot.jre.full.win32.x86_64_17.0.2.v20220201-1208\jre\bin\verify.dll
0x00007ff91ac70000 - 0x00007ff91ac7e000 	D:\sts-4.14.1.RELEASE\plugins\org.eclipse.justj.openjdk.hotspot.jre.full.win32.x86_64_17.0.2.v20220201-1208\jre\bin\sunmscapi.dll
0x00007ff92b560000 - 0x00007ff92b6b6000 	C:\WINDOWS\System32\CRYPT32.dll
0x00007ff92aee0000 - 0x00007ff92af07000 	C:\WINDOWS\SYSTEM32\ncrypt.dll
0x00007ff92aea0000 - 0x00007ff92aedb000 	C:\WINDOWS\SYSTEM32\NTASN1.dll

dbghelp: loaded successfully - version: 4.0.5 - missing functions: none
symbol engine: initialized successfully - sym options: 0x614 - pdb path: .;D:\sts-4.14.1.RELEASE\plugins\org.eclipse.justj.openjdk.hotspot.jre.full.win32.x86_64_17.0.2.v20220201-1208\jre\bin;C:\WINDOWS\SYSTEM32;C:\WINDOWS\WinSxS\amd64_microsoft.windows.common-controls_6595b64144ccf1df_6.0.19041.1110_none_60b5254171f9507e;D:\sts-4.14.1.RELEASE\plugins\org.eclipse.justj.openjdk.hotspot.jre.full.win32.x86_64_17.0.2.v20220201-1208\jre\bin\server

VM Arguments:
jvm_args: -Dcom.sun.management.jmxremote -Dcom.sun.management.jmxremote.port=49774 -Dcom.sun.management.jmxremote.authenticate=false -Dcom.sun.management.jmxremote.ssl=false -Djava.rmi.server.hostname=localhost -Dspring.jmx.enabled=true -Dspring.application.admin.enabled=true -XX:TieredStopAtLevel=1 -Dspring.boot.project.name=paginationSorting -Dfile.encoding=UTF-8 -XX:+ShowCodeDetailsInExceptionMessages 
java_command: com.infosys.page.PaginationSortingApplication --spring.output.ansi.enabled=always
java_class_path (initial): C:\Users\saqib\Documents\workspace-spring-tool-suite-4-4.14.1.RELEASE\paginationSorting\target\classes;C:\Users\saqib\.m2\repository\org\springframework\boot\spring-boot-starter-data-jpa\2.7.0\spring-boot-starter-data-jpa-2.7.0.jar;C:\Users\saqib\.m2\repository\org\springframework\boot\spring-boot-starter-aop\2.7.0\spring-boot-starter-aop-2.7.0.jar;C:\Users\saqib\.m2\repository\org\springframework\spring-aop\5.3.20\spring-aop-5.3.20.jar;C:\Users\saqib\.m2\repository\org\aspectj\aspectjweaver\1.9.7\aspectjweaver-1.9.7.jar;C:\Users\saqib\.m2\repository\org\springframework\boot\spring-boot-starter-jdbc\2.7.0\spring-boot-starter-jdbc-2.7.0.jar;C:\Users\saqib\.m2\repository\com\zaxxer\HikariCP\4.0.3\HikariCP-4.0.3.jar;C:\Users\saqib\.m2\repository\org\springframework\spring-jdbc\5.3.20\spring-jdbc-5.3.20.jar;C:\Users\saqib\.m2\repository\jakarta\transaction\jakarta.transaction-api\1.3.3\jakarta.transaction-api-1.3.3.jar;C:\Users\saqib\.m2\repository\jakarta\persistence\jakarta.persistence-api\2.2.3\jakarta.persistence-api-2.2.3.jar;C:\Users\saqib\.m2\repository\org\hibernate\hibernate-core\5.6.9.Final\hibernate-core-5.6.9.Final.jar;C:\Users\saqib\.m2\repository\org\jboss\logging\jboss-logging\3.4.3.Final\jboss-logging-3.4.3.Final.jar;C:\Users\saqib\.m2\repository\net\bytebuddy\byte-buddy\1.12.10\byte-buddy-1.12.10.jar;C:\Users\saqib\.m2\repository\antlr\antlr\2.7.7\antlr-2.7.7.jar;C:\Users\saqib\.m2\repository\org\jboss\jandex\2.4.2.Final\jandex-2.4.2.Final.jar;C:\Users\saqib\.m2\repository\com\fasterxml\classmate\1.5.1\classmate-1.5.1.jar;C:\Users\saqib\.m2\repository\org\hibernate\common\hibernate-commons-annotations\5.1.2.Final\hibernate-commons-annotations-5.1.2.Final.jar;C:\Users\saqib\.m2\repository\org\glassfish\jaxb\jaxb-runtime\2.3.6\jaxb-runtime-2.3.6.jar;C:\Users\saqib\.m2\repository\org\glassfish\jaxb\txw2\2.3.6\txw2-2.3.6.jar;C:\Users\saqib\.m2\repository\com\sun\istack\istack-commons-runtime\3.0.12\istack-commons-runtime-3.0.12.
Launcher Type: SUN_STANDARD

[Global flags]
     intx CICompilerCount                          = 4                                         {product} {ergonomic}
     uint ConcGCThreads                            = 2                                         {product} {ergonomic}
     uint G1ConcRefinementThreads                  = 8                                         {product} {ergonomic}
   size_t G1HeapRegionSize                         = 1048576                                   {product} {ergonomic}
    uintx GCDrainStackTargetSize                   = 64                                        {product} {ergonomic}
   size_t InitialHeapSize                          = 130023424                                 {product} {ergonomic}
     bool ManagementServer                         = true                                      {product} {command line}
   size_t MarkStackSize                            = 4194304                                   {product} {ergonomic}
   size_t MaxHeapSize                              = 2076180480                                {product} {ergonomic}
   size_t MaxNewSize                               = 1245708288                                {product} {ergonomic}
   size_t MinHeapDeltaBytes                        = 1048576                                   {product} {ergonomic}
   size_t MinHeapSize                              = 8388608                                   {product} {ergonomic}
    uintx NonProfiledCodeHeapSize                  = 0                                      {pd product} {ergonomic}
     bool ProfileInterpreter                       = false                                  {pd product} {command line}
    uintx ProfiledCodeHeapSize                     = 0                                      {pd product} {ergonomic}
     bool ShowCodeDetailsInExceptionMessages       = true                                   {manageable} {command line}
   size_t SoftMaxHeapSize                          = 2076180480                             {manageable} {ergonomic}
     intx TieredStopAtLevel                        = 1                                         {product} {command line}
     bool UseCompressedClassPointers               = true                           {product lp64_product} {ergonomic}
     bool UseCompressedOops                        = true                           {product lp64_product} {ergonomic}
     bool UseG1GC                                  = true                                      {product} {ergonomic}
     bool UseLargePagesIndividualAllocation        = false                                  {pd product} {ergonomic}

Logging:
Log output configuration:
 #0: stdout all=warning uptime,level,tags
 #1: stderr all=off uptime,level,tags

Environment Variables:
PATH=D:/sts-4.14.1.RELEASE//plugins/org.eclipse.justj.openjdk.hotspot.jre.full.win32.x86_64_17.0.2.v20220201-1208/jre/bin/server;D:/sts-4.14.1.RELEASE//plugins/org.eclipse.justj.openjdk.hotspot.jre.full.win32.x86_64_17.0.2.v20220201-1208/jre/bin;C:\WINDOWS\system32;C:\WINDOWS;C:\WINDOWS\system32\Wbem;C:\Program Files\Common Files\Oracle\Java\javapath;C:\Program Files (x86)\Common Files\Oracle\Java\javapath;C:\WINDOWS\System32\WindowsPowerShell\v1.0\;C:\WINDOWS\System32\OpenSSH\;C:\Program Files\Git\cmd;C:\Users\saqib\AppData\Local\Microsoft\WindowsApps;;C:\Users\saqib\AppData\Local\Programs\Microsoft VS Code\bin;D:\sts-4.14.1.RELEASE;
USERNAME=saqib
OS=Windows_NT
PROCESSOR_IDENTIFIER=Intel64 Family 6 Model 140 Stepping 1, GenuineIntel



---------------  S Y S T E M  ---------------

OS:
 Windows 10 , 64 bit Build 19041 (10.0.19041.1682)
OS uptime: 0 days 18:37 hours

CPU: total 8 (initial active 8) (4 cores per cpu, 2 threads per core) family 6 model 140 stepping 1 microcode 0xa4, cx8, cmov, fxsr, ht, mmx, 3dnowpref, sse, sse2, sse3, ssse3, sse4.1, sse4.2, popcnt, lzcnt, tsc, tscinvbit, avx, avx2, aes, erms, clmul, bmi1, bmi2, adx, avx512f, avx512dq, avx512cd, avx512bw, avx512vl, sha, fma, vzeroupper, avx512_vpopcntdq, avx512_vpclmulqdq, avx512_vaes, avx512_vnni, clflush, clflushopt, clwb, avx512_vbmi2, avx512_vbmi

Memory: 4k page, system-wide physical 7914M (834M free)
TotalPageFile size 10414M (AvailPageFile size 38M)
current process WorkingSet (physical memory assigned to process): 159M, peak: 159M
current process commit charge ("private bytes"): 190M, peak: 227M

vm_info: OpenJDK 64-Bit Server VM (17.0.2+8) for windows-amd64 JRE (17.0.2+8), built on Jan 20 2022 04:52:34 by "" with MS VC++ 16.7 (VS2019)

END.
